EN oversamplertdc NULL C:/Users/hcal/Documents/TDC_Firmw_rev2/drs4eb/firmware/3s400/oversamplerTDC.vhd sub00/vhpl53 1672323178
EN drs4_eval5 NULL C:/Users/hcal/Documents/TDC_Firmw_rev2/drs4eb/firmware/src/drs4_eval5.vhd sub00/vhpl13 1672323188
EN dflipflop NULL C:/Users/hcal/Documents/TDC_Firmw_rev2/drs4eb/firmware/3s400/DFlipFlop.vhd sub00/vhpl15 1672302608
EN design_1_dflipflop_13_0 NULL C:/Users/hcal/Documents/TDC_Firmw_rev2/drs4eb/firmware/3s400/design_1_DFlipFlop_13_0.vhd sub00/vhpl27 1672302620
AR design_1_dflipflop_7_0 design_1_dflipflop_7_0_arch C:/Users/hcal/Documents/TDC_Firmw_rev2/drs4eb/firmware/3s400/design_1_DFlipFlop_7_0.vhd sub00/vhpl44 1672302637
AR usr_clocks arch C:/Users/hcal/Documents/TDC_Firmw_rev2/drs4eb/firmware/src/usr_clocks.vhd sub00/vhpl06 1672323181
EN design_1_dflipflop_3_0 NULL C:/Users/hcal/Documents/TDC_Firmw_rev2/drs4eb/firmware/3s400/design_1_DFlipFlop_3_0.vhd sub00/vhpl35 1672302628
AR design_1_dflipflop_13_0 design_1_dflipflop_13_0_arch C:/Users/hcal/Documents/TDC_Firmw_rev2/drs4eb/firmware/3s400/design_1_DFlipFlop_13_0.vhd sub00/vhpl28 1672302621
AR clk_wiz_0 behavioral C:/Users/hcal/Documents/TDC_Firmw_rev2/drs4eb/firmware/3s400/clk_wiz_0.vhd sub00/vhpl56 1672302643
AR usr_lib_vec_iofd_cpe_nall arch C:/Users/hcal/Documents/TDC_Firmw_rev2/drs4eb/firmware/src/usr_lib.vhd sub00/vhpl02 1672323175
EN fourxoversampler NULL C:/Users/hcal/Documents/TDC_Firmw_rev2/drs4eb/firmware/3s400/FourXOversampler.vhd sub00/vhpl51 1672302648
AR design_1_dflipflop_11_0 design_1_dflipflop_11_0_arch C:/Users/hcal/Documents/TDC_Firmw_rev2/drs4eb/firmware/3s400/design_1_DFlipFlop_11_0.vhd sub00/vhpl24 1672302617
AR design_1_dflipflop_9_0 design_1_dflipflop_9_0_arch C:/Users/hcal/Documents/TDC_Firmw_rev2/drs4eb/firmware/3s400/design_1_DFlipFlop_9_0.vhd sub00/vhpl48 1672302641
EN design_1_dflipflop_14_0 NULL C:/Users/hcal/Documents/TDC_Firmw_rev2/drs4eb/firmware/3s400/design_1_DFlipFlop_14_0.vhd sub00/vhpl29 1672302622
EN design_1_dflipflop_4_0 NULL C:/Users/hcal/Documents/TDC_Firmw_rev2/drs4eb/firmware/3s400/design_1_DFlipFlop_4_0.vhd sub00/vhpl37 1672302630
AR fourxoversampler behavioral C:/Users/hcal/Documents/TDC_Firmw_rev2/drs4eb/firmware/3s400/FourXOversampler.vhd sub00/vhpl52 1672302649
EN usb_dpram NULL C:/Users/hcal/Documents/TDC_Firmw_rev2/drs4eb/firmware/src/usb_dpram.vhd sub00/vhpl09 1672323184
AR design_1_dflipflop_14_0 design_1_dflipflop_14_0_arch C:/Users/hcal/Documents/TDC_Firmw_rev2/drs4eb/firmware/3s400/design_1_DFlipFlop_14_0.vhd sub00/vhpl30 1672302623
EN design_1_dflipflop_15_0 NULL C:/Users/hcal/Documents/TDC_Firmw_rev2/drs4eb/firmware/3s400/design_1_DFlipFlop_15_0.vhd sub00/vhpl31 1672302624
AR design_1_dflipflop_12_0 design_1_dflipflop_12_0_arch C:/Users/hcal/Documents/TDC_Firmw_rev2/drs4eb/firmware/3s400/design_1_DFlipFlop_12_0.vhd sub00/vhpl26 1672302619
EN design_1_dflipflop_5_0 NULL C:/Users/hcal/Documents/TDC_Firmw_rev2/drs4eb/firmware/3s400/design_1_DFlipFlop_5_0.vhd sub00/vhpl39 1672302632
AR usr_lib_vec_fdc arch C:/Users/hcal/Documents/TDC_Firmw_rev2/drs4eb/firmware/src/usr_lib.vhd sub00/vhpl04 1672323177
AR design_1_dflipflop_10_0 design_1_dflipflop_10_0_arch C:/Users/hcal/Documents/TDC_Firmw_rev2/drs4eb/firmware/3s400/design_1_DFlipFlop_10_0.vhd sub00/vhpl22 1672302615
EN coarsecounter NULL C:/Users/hcal/Documents/TDC_Firmw_rev2/drs4eb/firmware/3s400/CoarseCounter.vhd sub00/vhpl57 1672323171
AR usb_dpram arch C:/Users/hcal/Documents/TDC_Firmw_rev2/drs4eb/firmware/src/usb_dpram.vhd sub00/vhpl10 1672323185
EN usr_lib_vec_fdc NULL C:/Users/hcal/Documents/TDC_Firmw_rev2/drs4eb/firmware/src/usr_lib.vhd sub00/vhpl03 1672323176
EN usr_lib_vec_iofd_cpe_nall NULL C:/Users/hcal/Documents/TDC_Firmw_rev2/drs4eb/firmware/src/usr_lib.vhd sub00/vhpl01 1672323174
AR design_1_dflipflop_1_0 design_1_dflipflop_1_0_arch C:/Users/hcal/Documents/TDC_Firmw_rev2/drs4eb/firmware/3s400/design_1_DFlipFlop_1_0.vhd sub00/vhpl20 1672302613
AR coarsecounter behavioral C:/Users/hcal/Documents/TDC_Firmw_rev2/drs4eb/firmware/3s400/CoarseCounter.vhd sub00/vhpl58 1672323172
AR dflipflop behavioral C:/Users/hcal/Documents/TDC_Firmw_rev2/drs4eb/firmware/3s400/DFlipFlop.vhd sub00/vhpl16 1672302609
EN design_1_dflipflop_6_0 NULL C:/Users/hcal/Documents/TDC_Firmw_rev2/drs4eb/firmware/3s400/design_1_DFlipFlop_6_0.vhd sub00/vhpl41 1672302634
AR design_1_dflipflop_15_0 design_1_dflipflop_15_0_arch C:/Users/hcal/Documents/TDC_Firmw_rev2/drs4eb/firmware/3s400/design_1_DFlipFlop_15_0.vhd sub00/vhpl32 1672302625
AR design_1_dflipflop_3_0 design_1_dflipflop_3_0_arch C:/Users/hcal/Documents/TDC_Firmw_rev2/drs4eb/firmware/3s400/design_1_DFlipFlop_3_0.vhd sub00/vhpl36 1672302629
EN usb2_racc NULL C:/Users/hcal/Documents/TDC_Firmw_rev2/drs4eb/firmware/src/usb2_racc.vhd sub00/vhpl07 1672323182
AR usb2_racc arch C:/Users/hcal/Documents/TDC_Firmw_rev2/drs4eb/firmware/src/usb2_racc.vhd sub00/vhpl08 1672323183
AR design_1_dflipflop_5_0 design_1_dflipflop_5_0_arch C:/Users/hcal/Documents/TDC_Firmw_rev2/drs4eb/firmware/3s400/design_1_DFlipFlop_5_0.vhd sub00/vhpl40 1672302633
EN drs4_eval5_app NULL C:/Users/hcal/Documents/TDC_Firmw_rev2/drs4eb/firmware/src/drs4_eval5_app.vhd sub00/vhpl11 1672323186
EN design_1_dflipflop_7_0 NULL C:/Users/hcal/Documents/TDC_Firmw_rev2/drs4eb/firmware/3s400/design_1_DFlipFlop_7_0.vhd sub00/vhpl43 1672302636
AR design_1_dflipflop_0_0 design_1_dflipflop_0_0_arch C:/Users/hcal/Documents/TDC_Firmw_rev2/drs4eb/firmware/3s400/design_1_DFlipFlop_0_0.vhd sub00/vhpl18 1672302611
EN clk_wiz_0 NULL C:/Users/hcal/Documents/TDC_Firmw_rev2/drs4eb/firmware/3s400/clk_wiz_0.vhd sub00/vhpl55 1672302642
EN design_1_dflipflop_10_0 NULL C:/Users/hcal/Documents/TDC_Firmw_rev2/drs4eb/firmware/3s400/design_1_DFlipFlop_10_0.vhd sub00/vhpl21 1672302614
AR design_1_dflipflop_2_0 design_1_dflipflop_2_0_arch C:/Users/hcal/Documents/TDC_Firmw_rev2/drs4eb/firmware/3s400/design_1_DFlipFlop_2_0.vhd sub00/vhpl34 1672302627
EN design_1_dflipflop_0_0 NULL C:/Users/hcal/Documents/TDC_Firmw_rev2/drs4eb/firmware/3s400/design_1_DFlipFlop_0_0.vhd sub00/vhpl17 1672302610
EN design_1_dflipflop_8_0 NULL C:/Users/hcal/Documents/TDC_Firmw_rev2/drs4eb/firmware/3s400/design_1_DFlipFlop_8_0.vhd sub00/vhpl45 1672302638
AR design_1_dflipflop_4_0 design_1_dflipflop_4_0_arch C:/Users/hcal/Documents/TDC_Firmw_rev2/drs4eb/firmware/3s400/design_1_DFlipFlop_4_0.vhd sub00/vhpl38 1672302631
PH drs4_pack NULL C:/Users/hcal/Documents/TDC_Firmw_rev2/drs4eb/firmware/src/drs4_pack.vhd sub00/vhpl00 1672323173
EN design_1_dflipflop_11_0 NULL C:/Users/hcal/Documents/TDC_Firmw_rev2/drs4eb/firmware/3s400/design_1_DFlipFlop_11_0.vhd sub00/vhpl23 1672302616
EN design_1 NULL C:/Users/hcal/Documents/TDC_Firmw_rev2/drs4eb/firmware/3s400/design_1.vhd sub00/vhpl49 1672302644
AR oversamplertdc behavioral C:/Users/hcal/Documents/TDC_Firmw_rev2/drs4eb/firmware/3s400/oversamplerTDC.vhd sub00/vhpl54 1672323179
EN usr_clocks NULL C:/Users/hcal/Documents/TDC_Firmw_rev2/drs4eb/firmware/src/usr_clocks.vhd sub00/vhpl05 1672323180
AR design_1_dflipflop_6_0 design_1_dflipflop_6_0_arch C:/Users/hcal/Documents/TDC_Firmw_rev2/drs4eb/firmware/3s400/design_1_DFlipFlop_6_0.vhd sub00/vhpl42 1672302635
AR drs4_eval5_app arch C:/Users/hcal/Documents/TDC_Firmw_rev2/drs4eb/firmware/src/drs4_eval5_app.vhd sub00/vhpl12 1672323187
EN design_1_dflipflop_1_0 NULL C:/Users/hcal/Documents/TDC_Firmw_rev2/drs4eb/firmware/3s400/design_1_DFlipFlop_1_0.vhd sub00/vhpl19 1672302612
EN design_1_dflipflop_9_0 NULL C:/Users/hcal/Documents/TDC_Firmw_rev2/drs4eb/firmware/3s400/design_1_DFlipFlop_9_0.vhd sub00/vhpl47 1672302640
AR design_1 structure C:/Users/hcal/Documents/TDC_Firmw_rev2/drs4eb/firmware/3s400/design_1.vhd sub00/vhpl50 1672302645
AR design_1_dflipflop_8_0 design_1_dflipflop_8_0_arch C:/Users/hcal/Documents/TDC_Firmw_rev2/drs4eb/firmware/3s400/design_1_DFlipFlop_8_0.vhd sub00/vhpl46 1672302639
AR drs4_eval5 arch C:/Users/hcal/Documents/TDC_Firmw_rev2/drs4eb/firmware/src/drs4_eval5.vhd sub00/vhpl14 1672323189
EN design_1_dflipflop_12_0 NULL C:/Users/hcal/Documents/TDC_Firmw_rev2/drs4eb/firmware/3s400/design_1_DFlipFlop_12_0.vhd sub00/vhpl25 1672302618
EN design_1_dflipflop_2_0 NULL C:/Users/hcal/Documents/TDC_Firmw_rev2/drs4eb/firmware/3s400/design_1_DFlipFlop_2_0.vhd sub00/vhpl33 1672302626
