EN oversamplertdc NULL C:/Users/hcal/Documents/TDC_Firmw/drs4eb/firmware/3s400/oversamplerTDC.vhd sub00/vhpl53 1663199252
EN drs4_eval5 NULL C:/Users/hcal/Documents/TDC_Firmw/drs4eb/firmware/src/drs4_eval5.vhd sub00/vhpl13 1663199262
EN dflipflop NULL C:/Users/hcal/Documents/TDC_Firmw/drs4eb/firmware/3s400/DFlipFlop.vhd sub00/vhpl15 1663199205
EN design_1_dflipflop_13_0 NULL C:/Users/hcal/Documents/TDC_Firmw/drs4eb/firmware/3s400/design_1_DFlipFlop_13_0.vhd sub00/vhpl27 1663199217
AR design_1_dflipflop_7_0 design_1_dflipflop_7_0_arch C:/Users/hcal/Documents/TDC_Firmw/drs4eb/firmware/3s400/design_1_DFlipFlop_7_0.vhd sub00/vhpl44 1663199234
AR usr_clocks arch C:/Users/hcal/Documents/TDC_Firmw/drs4eb/firmware/src/usr_clocks.vhd sub00/vhpl06 1663199255
EN design_1_dflipflop_3_0 NULL C:/Users/hcal/Documents/TDC_Firmw/drs4eb/firmware/3s400/design_1_DFlipFlop_3_0.vhd sub00/vhpl35 1663199225
AR design_1_dflipflop_13_0 design_1_dflipflop_13_0_arch C:/Users/hcal/Documents/TDC_Firmw/drs4eb/firmware/3s400/design_1_DFlipFlop_13_0.vhd sub00/vhpl28 1663199218
AR clk_wiz_0 behavioral C:/Users/hcal/Documents/TDC_Firmw/drs4eb/firmware/3s400/clk_wiz_0.vhd sub00/vhpl56 1663199240
AR usr_lib_vec_iofd_cpe_nall arch C:/Users/hcal/Documents/TDC_Firmw/drs4eb/firmware/src/usr_lib.vhd sub00/vhpl02 1663199249
EN fourxoversampler NULL C:/Users/hcal/Documents/TDC_Firmw/drs4eb/firmware/3s400/FourXOversampler.vhd sub00/vhpl51 1663199245
AR design_1_dflipflop_11_0 design_1_dflipflop_11_0_arch C:/Users/hcal/Documents/TDC_Firmw/drs4eb/firmware/3s400/design_1_DFlipFlop_11_0.vhd sub00/vhpl24 1663199214
AR design_1_dflipflop_9_0 design_1_dflipflop_9_0_arch C:/Users/hcal/Documents/TDC_Firmw/drs4eb/firmware/3s400/design_1_DFlipFlop_9_0.vhd sub00/vhpl48 1663199238
EN design_1_dflipflop_14_0 NULL C:/Users/hcal/Documents/TDC_Firmw/drs4eb/firmware/3s400/design_1_DFlipFlop_14_0.vhd sub00/vhpl29 1663199219
EN design_1_dflipflop_4_0 NULL C:/Users/hcal/Documents/TDC_Firmw/drs4eb/firmware/3s400/design_1_DFlipFlop_4_0.vhd sub00/vhpl37 1663199227
AR fourxoversampler behavioral C:/Users/hcal/Documents/TDC_Firmw/drs4eb/firmware/3s400/FourXOversampler.vhd sub00/vhpl52 1663199246
EN usb_dpram NULL C:/Users/hcal/Documents/TDC_Firmw/drs4eb/firmware/src/usb_dpram.vhd sub00/vhpl09 1663199258
AR design_1_dflipflop_14_0 design_1_dflipflop_14_0_arch C:/Users/hcal/Documents/TDC_Firmw/drs4eb/firmware/3s400/design_1_DFlipFlop_14_0.vhd sub00/vhpl30 1663199220
EN design_1_dflipflop_15_0 NULL C:/Users/hcal/Documents/TDC_Firmw/drs4eb/firmware/3s400/design_1_DFlipFlop_15_0.vhd sub00/vhpl31 1663199221
AR design_1_dflipflop_12_0 design_1_dflipflop_12_0_arch C:/Users/hcal/Documents/TDC_Firmw/drs4eb/firmware/3s400/design_1_DFlipFlop_12_0.vhd sub00/vhpl26 1663199216
EN design_1_dflipflop_5_0 NULL C:/Users/hcal/Documents/TDC_Firmw/drs4eb/firmware/3s400/design_1_DFlipFlop_5_0.vhd sub00/vhpl39 1663199229
AR usr_lib_vec_fdc arch C:/Users/hcal/Documents/TDC_Firmw/drs4eb/firmware/src/usr_lib.vhd sub00/vhpl04 1663199251
AR design_1_dflipflop_10_0 design_1_dflipflop_10_0_arch C:/Users/hcal/Documents/TDC_Firmw/drs4eb/firmware/3s400/design_1_DFlipFlop_10_0.vhd sub00/vhpl22 1663199212
EN coarsecounter NULL C:/Users/hcal/Documents/TDC_Firmw/drs4eb/firmware/3s400/CoarseCounter.vhd sub00/vhpl57 1663199243
AR usb_dpram arch C:/Users/hcal/Documents/TDC_Firmw/drs4eb/firmware/src/usb_dpram.vhd sub00/vhpl10 1663199259
EN usr_lib_vec_fdc NULL C:/Users/hcal/Documents/TDC_Firmw/drs4eb/firmware/src/usr_lib.vhd sub00/vhpl03 1663199250
EN usr_lib_vec_iofd_cpe_nall NULL C:/Users/hcal/Documents/TDC_Firmw/drs4eb/firmware/src/usr_lib.vhd sub00/vhpl01 1663199248
AR design_1_dflipflop_1_0 design_1_dflipflop_1_0_arch C:/Users/hcal/Documents/TDC_Firmw/drs4eb/firmware/3s400/design_1_DFlipFlop_1_0.vhd sub00/vhpl20 1663199210
AR coarsecounter behavioral C:/Users/hcal/Documents/TDC_Firmw/drs4eb/firmware/3s400/CoarseCounter.vhd sub00/vhpl58 1663199244
AR dflipflop behavioral C:/Users/hcal/Documents/TDC_Firmw/drs4eb/firmware/3s400/DFlipFlop.vhd sub00/vhpl16 1663199206
EN design_1_dflipflop_6_0 NULL C:/Users/hcal/Documents/TDC_Firmw/drs4eb/firmware/3s400/design_1_DFlipFlop_6_0.vhd sub00/vhpl41 1663199231
AR design_1_dflipflop_15_0 design_1_dflipflop_15_0_arch C:/Users/hcal/Documents/TDC_Firmw/drs4eb/firmware/3s400/design_1_DFlipFlop_15_0.vhd sub00/vhpl32 1663199222
AR design_1_dflipflop_3_0 design_1_dflipflop_3_0_arch C:/Users/hcal/Documents/TDC_Firmw/drs4eb/firmware/3s400/design_1_DFlipFlop_3_0.vhd sub00/vhpl36 1663199226
EN usb2_racc NULL C:/Users/hcal/Documents/TDC_Firmw/drs4eb/firmware/src/usb2_racc.vhd sub00/vhpl07 1663199256
AR usb2_racc arch C:/Users/hcal/Documents/TDC_Firmw/drs4eb/firmware/src/usb2_racc.vhd sub00/vhpl08 1663199257
AR design_1_dflipflop_5_0 design_1_dflipflop_5_0_arch C:/Users/hcal/Documents/TDC_Firmw/drs4eb/firmware/3s400/design_1_DFlipFlop_5_0.vhd sub00/vhpl40 1663199230
EN drs4_eval5_app NULL C:/Users/hcal/Documents/TDC_Firmw/drs4eb/firmware/src/drs4_eval5_app.vhd sub00/vhpl11 1663199260
EN design_1_dflipflop_7_0 NULL C:/Users/hcal/Documents/TDC_Firmw/drs4eb/firmware/3s400/design_1_DFlipFlop_7_0.vhd sub00/vhpl43 1663199233
AR design_1_dflipflop_0_0 design_1_dflipflop_0_0_arch C:/Users/hcal/Documents/TDC_Firmw/drs4eb/firmware/3s400/design_1_DFlipFlop_0_0.vhd sub00/vhpl18 1663199208
EN clk_wiz_0 NULL C:/Users/hcal/Documents/TDC_Firmw/drs4eb/firmware/3s400/clk_wiz_0.vhd sub00/vhpl55 1663199239
EN design_1_dflipflop_10_0 NULL C:/Users/hcal/Documents/TDC_Firmw/drs4eb/firmware/3s400/design_1_DFlipFlop_10_0.vhd sub00/vhpl21 1663199211
AR design_1_dflipflop_2_0 design_1_dflipflop_2_0_arch C:/Users/hcal/Documents/TDC_Firmw/drs4eb/firmware/3s400/design_1_DFlipFlop_2_0.vhd sub00/vhpl34 1663199224
EN design_1_dflipflop_0_0 NULL C:/Users/hcal/Documents/TDC_Firmw/drs4eb/firmware/3s400/design_1_DFlipFlop_0_0.vhd sub00/vhpl17 1663199207
EN design_1_dflipflop_8_0 NULL C:/Users/hcal/Documents/TDC_Firmw/drs4eb/firmware/3s400/design_1_DFlipFlop_8_0.vhd sub00/vhpl45 1663199235
AR design_1_dflipflop_4_0 design_1_dflipflop_4_0_arch C:/Users/hcal/Documents/TDC_Firmw/drs4eb/firmware/3s400/design_1_DFlipFlop_4_0.vhd sub00/vhpl38 1663199228
PH drs4_pack NULL C:/Users/hcal/Documents/TDC_Firmw/drs4eb/firmware/src/drs4_pack.vhd sub00/vhpl00 1663199247
EN design_1_dflipflop_11_0 NULL C:/Users/hcal/Documents/TDC_Firmw/drs4eb/firmware/3s400/design_1_DFlipFlop_11_0.vhd sub00/vhpl23 1663199213
EN design_1 NULL C:/Users/hcal/Documents/TDC_Firmw/drs4eb/firmware/3s400/design_1.vhd sub00/vhpl49 1663199241
AR oversamplertdc behavioral C:/Users/hcal/Documents/TDC_Firmw/drs4eb/firmware/3s400/oversamplerTDC.vhd sub00/vhpl54 1663199253
EN usr_clocks NULL C:/Users/hcal/Documents/TDC_Firmw/drs4eb/firmware/src/usr_clocks.vhd sub00/vhpl05 1663199254
AR design_1_dflipflop_6_0 design_1_dflipflop_6_0_arch C:/Users/hcal/Documents/TDC_Firmw/drs4eb/firmware/3s400/design_1_DFlipFlop_6_0.vhd sub00/vhpl42 1663199232
AR drs4_eval5_app arch C:/Users/hcal/Documents/TDC_Firmw/drs4eb/firmware/src/drs4_eval5_app.vhd sub00/vhpl12 1663199261
EN design_1_dflipflop_1_0 NULL C:/Users/hcal/Documents/TDC_Firmw/drs4eb/firmware/3s400/design_1_DFlipFlop_1_0.vhd sub00/vhpl19 1663199209
EN design_1_dflipflop_9_0 NULL C:/Users/hcal/Documents/TDC_Firmw/drs4eb/firmware/3s400/design_1_DFlipFlop_9_0.vhd sub00/vhpl47 1663199237
AR design_1 structure C:/Users/hcal/Documents/TDC_Firmw/drs4eb/firmware/3s400/design_1.vhd sub00/vhpl50 1663199242
AR design_1_dflipflop_8_0 design_1_dflipflop_8_0_arch C:/Users/hcal/Documents/TDC_Firmw/drs4eb/firmware/3s400/design_1_DFlipFlop_8_0.vhd sub00/vhpl46 1663199236
AR drs4_eval5 arch C:/Users/hcal/Documents/TDC_Firmw/drs4eb/firmware/src/drs4_eval5.vhd sub00/vhpl14 1663199263
EN design_1_dflipflop_12_0 NULL C:/Users/hcal/Documents/TDC_Firmw/drs4eb/firmware/3s400/design_1_DFlipFlop_12_0.vhd sub00/vhpl25 1663199215
EN design_1_dflipflop_2_0 NULL C:/Users/hcal/Documents/TDC_Firmw/drs4eb/firmware/3s400/design_1_DFlipFlop_2_0.vhd sub00/vhpl33 1663199223
