V3 182
FL /home/kunal/drs4eb/firmware/3s400/clk_wiz_0.vhd 2022/08/23.12:23:18 P.20131013
FL /home/kunal/drs4eb/firmware/3s400/CoarseCounter.vhd 2022/08/17.14:28:16 P.20131013
FL /home/kunal/drs4eb/firmware/3s400/design_1.vhd 2022/08/16.17:28:13 P.20131013
FL /home/kunal/drs4eb/firmware/3s400/design_1_DFlipFlop_0_0.vhd 2021/09/18.13:22:44 P.20131013
FL /home/kunal/drs4eb/firmware/3s400/design_1_DFlipFlop_10_0.vhd 2022/08/16.15:41:16 P.20131013
FL /home/kunal/drs4eb/firmware/3s400/design_1_DFlipFlop_11_0.vhd 2022/08/16.15:43:41 P.20131013
FL /home/kunal/drs4eb/firmware/3s400/design_1_DFlipFlop_12_0.vhd 2022/08/16.15:43:57 P.20131013
FL /home/kunal/drs4eb/firmware/3s400/design_1_DFlipFlop_13_0.vhd 2022/08/16.15:44:18 P.20131013
FL /home/kunal/drs4eb/firmware/3s400/design_1_DFlipFlop_14_0.vhd 2022/08/16.15:44:36 P.20131013
FL /home/kunal/drs4eb/firmware/3s400/design_1_DFlipFlop_15_0.vhd 2022/08/16.15:44:54 P.20131013
FL /home/kunal/drs4eb/firmware/3s400/design_1_DFlipFlop_1_0.vhd 2021/09/18.13:22:44 P.20131013
FL /home/kunal/drs4eb/firmware/3s400/design_1_DFlipFlop_2_0.vhd 2021/09/18.13:22:44 P.20131013
FL /home/kunal/drs4eb/firmware/3s400/design_1_DFlipFlop_3_0.vhd 2021/09/18.13:22:44 P.20131013
FL /home/kunal/drs4eb/firmware/3s400/design_1_DFlipFlop_4_0.vhd 2021/09/18.13:22:44 P.20131013
FL /home/kunal/drs4eb/firmware/3s400/design_1_DFlipFlop_5_0.vhd 2021/09/18.13:22:44 P.20131013
FL /home/kunal/drs4eb/firmware/3s400/design_1_DFlipFlop_6_0.vhd 2021/09/18.13:22:44 P.20131013
FL /home/kunal/drs4eb/firmware/3s400/design_1_DFlipFlop_7_0.vhd 2021/09/18.13:22:44 P.20131013
FL /home/kunal/drs4eb/firmware/3s400/design_1_DFlipFlop_8_0.vhd 2022/04/05.01:09:50 P.20131013
FL /home/kunal/drs4eb/firmware/3s400/design_1_DFlipFlop_9_0.vhd 2021/09/18.13:22:44 P.20131013
FL /home/kunal/drs4eb/firmware/3s400/DFlipFlop.vhd 2022/04/05.11:26:10 P.20131013
FL /home/kunal/drs4eb/firmware/3s400/FourXOversampler.vhd 2022/08/23.14:41:26 P.20131013
FL /home/kunal/drs4eb/firmware/3s400/oversamplerTDC.vhd 2022/08/23.13:12:18 P.20131013
FL /home/kunal/drs4eb/firmware/src/drs4_eval5.vhd 2022/08/23.15:04:03 P.20131013
FL /home/kunal/drs4eb/firmware/src/drs4_eval5_app.vhd 2022/08/24.11:16:16 P.20131013
FL /home/kunal/drs4eb/firmware/src/drs4_pack.vhd 2022/08/22.15:59:00 P.20131013
FL /home/kunal/drs4eb/firmware/src/usb2_racc.vhd 2022/08/22.15:59:00 P.20131013
FL /home/kunal/drs4eb/firmware/src/usb_dpram.vhd 2022/08/22.15:59:00 P.20131013
FL /home/kunal/drs4eb/firmware/src/usr_clocks.vhd 2022/08/22.15:59:00 P.20131013
FL /home/kunal/drs4eb/firmware/src/usr_lib.vhd 2022/08/22.15:59:00 P.20131013
FL C:/Users/hcal/Documents/TDC_Firmw/drs4eb/firmware/3s400/clk_wiz_0.vhd 2022/08/23.12:23:18 P.20131013
FL C:/Users/hcal/Documents/TDC_Firmw/drs4eb/firmware/3s400/CoarseCounter.vhd 2022/09/27.11:14:05 P.20131013
FL C:/Users/hcal/Documents/TDC_Firmw/drs4eb/firmware/3s400/design_1.vhd 2022/08/16.04:58:12 P.20131013
FL C:/Users/hcal/Documents/TDC_Firmw/drs4eb/firmware/3s400/design_1_DFlipFlop_0_0.vhd 2021/09/18.00:52:44 P.20131013
FL C:/Users/hcal/Documents/TDC_Firmw/drs4eb/firmware/3s400/design_1_DFlipFlop_10_0.vhd 2022/08/16.03:11:16 P.20131013
FL C:/Users/hcal/Documents/TDC_Firmw/drs4eb/firmware/3s400/design_1_DFlipFlop_11_0.vhd 2022/08/16.03:13:40 P.20131013
FL C:/Users/hcal/Documents/TDC_Firmw/drs4eb/firmware/3s400/design_1_DFlipFlop_12_0.vhd 2022/08/16.03:13:56 P.20131013
FL C:/Users/hcal/Documents/TDC_Firmw/drs4eb/firmware/3s400/design_1_DFlipFlop_13_0.vhd 2022/08/16.03:14:18 P.20131013
FL C:/Users/hcal/Documents/TDC_Firmw/drs4eb/firmware/3s400/design_1_DFlipFlop_14_0.vhd 2022/08/16.03:14:36 P.20131013
FL C:/Users/hcal/Documents/TDC_Firmw/drs4eb/firmware/3s400/design_1_DFlipFlop_15_0.vhd 2022/08/16.03:14:54 P.20131013
FL C:/Users/hcal/Documents/TDC_Firmw/drs4eb/firmware/3s400/design_1_DFlipFlop_1_0.vhd 2021/09/18.00:52:44 P.20131013
FL C:/Users/hcal/Documents/TDC_Firmw/drs4eb/firmware/3s400/design_1_DFlipFlop_2_0.vhd 2021/09/18.00:52:44 P.20131013
FL C:/Users/hcal/Documents/TDC_Firmw/drs4eb/firmware/3s400/design_1_DFlipFlop_3_0.vhd 2021/09/18.00:52:44 P.20131013
FL C:/Users/hcal/Documents/TDC_Firmw/drs4eb/firmware/3s400/design_1_DFlipFlop_4_0.vhd 2021/09/18.00:52:44 P.20131013
FL C:/Users/hcal/Documents/TDC_Firmw/drs4eb/firmware/3s400/design_1_DFlipFlop_5_0.vhd 2021/09/18.00:52:44 P.20131013
FL C:/Users/hcal/Documents/TDC_Firmw/drs4eb/firmware/3s400/design_1_DFlipFlop_6_0.vhd 2021/09/18.00:52:44 P.20131013
FL C:/Users/hcal/Documents/TDC_Firmw/drs4eb/firmware/3s400/design_1_DFlipFlop_7_0.vhd 2021/09/18.00:52:44 P.20131013
FL C:/Users/hcal/Documents/TDC_Firmw/drs4eb/firmware/3s400/design_1_DFlipFlop_8_0.vhd 2022/04/04.12:39:50 P.20131013
FL C:/Users/hcal/Documents/TDC_Firmw/drs4eb/firmware/3s400/design_1_DFlipFlop_9_0.vhd 2021/09/18.00:52:44 P.20131013
FL C:/Users/hcal/Documents/TDC_Firmw/drs4eb/firmware/3s400/DFlipFlop.vhd 2022/04/04.22:56:10 P.20131013
FL C:/Users/hcal/Documents/TDC_Firmw/drs4eb/firmware/3s400/FourXOversampler.vhd 2022/11/16.09:44:11 P.20131013
FL C:/Users/hcal/Documents/TDC_Firmw/drs4eb/firmware/3s400/oversamplerTDC.vhd 2022/09/27.11:38:28 P.20131013
FL C:/Users/hcal/Documents/TDC_Firmw/drs4eb/firmware/src/drs4_eval5.vhd 2022/09/16.13:50:03 P.20131013
FL C:/Users/hcal/Documents/TDC_Firmw/drs4eb/firmware/src/drs4_eval5_app.vhd 2022/04/25.15:18:24 P.20131013
FL C:/Users/hcal/Documents/TDC_Firmw/drs4eb/firmware/src/drs4_pack.vhd 2022/08/22.15:59:00 P.20131013
FL C:/Users/hcal/Documents/TDC_Firmw/drs4eb/firmware/src/usb2_racc.vhd 2022/09/27.11:42:36 P.20131013
FL C:/Users/hcal/Documents/TDC_Firmw/drs4eb/firmware/src/usb_dpram.vhd 2022/04/25.15:18:24 P.20131013
FL C:/Users/hcal/Documents/TDC_Firmw/drs4eb/firmware/src/usr_clocks.vhd 2022/08/22.15:59:00 P.20131013
FL C:/Users/hcal/Documents/TDC_Firmw/drs4eb/firmware/src/usr_lib.vhd 2022/08/22.15:59:00 P.20131013
FL C:/Users/hcal/Documents/TDC_Firmw_rev2/drs4eb/firmware/3s400/clk_wiz_0.vhd 2022/08/23.12:23:18 P.20131013
EN work/clk_wiz_0 1672302642 \
      FL C:/Users/hcal/Documents/TDC_Firmw_rev2/drs4eb/firmware/3s400/clk_wiz_0.vhd \
      PB ieee/std_logic_1164 1381692176 PB ieee/NUMERIC_STD 1381692181 LB UNISIM \
      PH unisim/VCOMPONENTS 1381692182
AR work/clk_wiz_0/BEHAVIORAL 1672302643 \
      FL C:/Users/hcal/Documents/TDC_Firmw_rev2/drs4eb/firmware/3s400/clk_wiz_0.vhd \
      EN work/clk_wiz_0 1672302642 CP BUFG CP DCM
FL C:/Users/hcal/Documents/TDC_Firmw_rev2/drs4eb/firmware/3s400/CoarseCounter.vhd 2022/12/29.14:14:48 P.20131013
EN work/CoarseCounter 1672323171 \
      FL C:/Users/hcal/Documents/TDC_Firmw_rev2/drs4eb/firmware/3s400/CoarseCounter.vhd \
      PB ieee/std_logic_1164 1381692176 PB ieee/NUMERIC_STD 1381692181 \
      PB ieee/STD_LOGIC_UNSIGNED 1381692179
AR work/CoarseCounter/Behavioral 1672323172 \
      FL C:/Users/hcal/Documents/TDC_Firmw_rev2/drs4eb/firmware/3s400/CoarseCounter.vhd \
      EN work/CoarseCounter 1672323171
FL C:/Users/hcal/Documents/TDC_Firmw_rev2/drs4eb/firmware/3s400/design_1.vhd 2022/08/16.04:58:12 P.20131013
EN work/design_1 1672302644 \
      FL C:/Users/hcal/Documents/TDC_Firmw_rev2/drs4eb/firmware/3s400/design_1.vhd \
      PB ieee/std_logic_1164 1381692176 LB UNISIM PH unisim/VCOMPONENTS 1381692182
AR work/design_1/STRUCTURE 1672302645 \
      FL C:/Users/hcal/Documents/TDC_Firmw_rev2/drs4eb/firmware/3s400/design_1.vhd \
      EN work/design_1 1672302644 CP design_1_DFlipFlop_0_0 \
      CP design_1_DFlipFlop_1_0 CP design_1_DFlipFlop_10_0 \
      CP design_1_DFlipFlop_11_0 CP design_1_DFlipFlop_12_0 \
      CP design_1_DFlipFlop_13_0 CP design_1_DFlipFlop_14_0 \
      CP design_1_DFlipFlop_15_0 CP design_1_DFlipFlop_2_0 \
      CP design_1_DFlipFlop_3_0 CP design_1_DFlipFlop_4_0 \
      CP design_1_DFlipFlop_5_0 CP design_1_DFlipFlop_6_0 \
      CP design_1_DFlipFlop_7_0 CP design_1_DFlipFlop_8_0 \
      CP design_1_DFlipFlop_9_0 CP clk_wiz_0
FL C:/Users/hcal/Documents/TDC_Firmw_rev2/drs4eb/firmware/3s400/design_1_DFlipFlop_0_0.vhd 2021/09/18.00:52:44 P.20131013
EN work/design_1_DFlipFlop_0_0 1672302610 \
      FL C:/Users/hcal/Documents/TDC_Firmw_rev2/drs4eb/firmware/3s400/design_1_DFlipFlop_0_0.vhd \
      PB ieee/std_logic_1164 1381692176 PB ieee/NUMERIC_STD 1381692181
AR work/design_1_DFlipFlop_0_0/design_1_DFlipFlop_0_0_arch 1672302611 \
      FL C:/Users/hcal/Documents/TDC_Firmw_rev2/drs4eb/firmware/3s400/design_1_DFlipFlop_0_0.vhd \
      EN work/design_1_DFlipFlop_0_0 1672302610 CP DFlipFlop
FL C:/Users/hcal/Documents/TDC_Firmw_rev2/drs4eb/firmware/3s400/design_1_DFlipFlop_10_0.vhd 2022/08/16.03:11:16 P.20131013
EN work/design_1_DFlipFlop_10_0 1672302614 \
      FL C:/Users/hcal/Documents/TDC_Firmw_rev2/drs4eb/firmware/3s400/design_1_DFlipFlop_10_0.vhd \
      PB ieee/std_logic_1164 1381692176 PB ieee/NUMERIC_STD 1381692181
AR work/design_1_DFlipFlop_10_0/design_1_DFlipFlop_10_0_arch 1672302615 \
      FL C:/Users/hcal/Documents/TDC_Firmw_rev2/drs4eb/firmware/3s400/design_1_DFlipFlop_10_0.vhd \
      EN work/design_1_DFlipFlop_10_0 1672302614 CP DFlipFlop
FL C:/Users/hcal/Documents/TDC_Firmw_rev2/drs4eb/firmware/3s400/design_1_DFlipFlop_11_0.vhd 2022/08/16.03:13:40 P.20131013
EN work/design_1_DFlipFlop_11_0 1672302616 \
      FL C:/Users/hcal/Documents/TDC_Firmw_rev2/drs4eb/firmware/3s400/design_1_DFlipFlop_11_0.vhd \
      PB ieee/std_logic_1164 1381692176 PB ieee/NUMERIC_STD 1381692181
AR work/design_1_DFlipFlop_11_0/design_1_DFlipFlop_11_0_arch 1672302617 \
      FL C:/Users/hcal/Documents/TDC_Firmw_rev2/drs4eb/firmware/3s400/design_1_DFlipFlop_11_0.vhd \
      EN work/design_1_DFlipFlop_11_0 1672302616 CP DFlipFlop
FL C:/Users/hcal/Documents/TDC_Firmw_rev2/drs4eb/firmware/3s400/design_1_DFlipFlop_12_0.vhd 2022/08/16.03:13:56 P.20131013
EN work/design_1_DFlipFlop_12_0 1672302618 \
      FL C:/Users/hcal/Documents/TDC_Firmw_rev2/drs4eb/firmware/3s400/design_1_DFlipFlop_12_0.vhd \
      PB ieee/std_logic_1164 1381692176 PB ieee/NUMERIC_STD 1381692181
AR work/design_1_DFlipFlop_12_0/design_1_DFlipFlop_12_0_arch 1672302619 \
      FL C:/Users/hcal/Documents/TDC_Firmw_rev2/drs4eb/firmware/3s400/design_1_DFlipFlop_12_0.vhd \
      EN work/design_1_DFlipFlop_12_0 1672302618 CP DFlipFlop
FL C:/Users/hcal/Documents/TDC_Firmw_rev2/drs4eb/firmware/3s400/design_1_DFlipFlop_13_0.vhd 2022/08/16.03:14:18 P.20131013
EN work/design_1_DFlipFlop_13_0 1672302620 \
      FL C:/Users/hcal/Documents/TDC_Firmw_rev2/drs4eb/firmware/3s400/design_1_DFlipFlop_13_0.vhd \
      PB ieee/std_logic_1164 1381692176 PB ieee/NUMERIC_STD 1381692181
AR work/design_1_DFlipFlop_13_0/design_1_DFlipFlop_13_0_arch 1672302621 \
      FL C:/Users/hcal/Documents/TDC_Firmw_rev2/drs4eb/firmware/3s400/design_1_DFlipFlop_13_0.vhd \
      EN work/design_1_DFlipFlop_13_0 1672302620 CP DFlipFlop
FL C:/Users/hcal/Documents/TDC_Firmw_rev2/drs4eb/firmware/3s400/design_1_DFlipFlop_14_0.vhd 2022/08/16.03:14:36 P.20131013
EN work/design_1_DFlipFlop_14_0 1672302622 \
      FL C:/Users/hcal/Documents/TDC_Firmw_rev2/drs4eb/firmware/3s400/design_1_DFlipFlop_14_0.vhd \
      PB ieee/std_logic_1164 1381692176 PB ieee/NUMERIC_STD 1381692181
AR work/design_1_DFlipFlop_14_0/design_1_DFlipFlop_14_0_arch 1672302623 \
      FL C:/Users/hcal/Documents/TDC_Firmw_rev2/drs4eb/firmware/3s400/design_1_DFlipFlop_14_0.vhd \
      EN work/design_1_DFlipFlop_14_0 1672302622 CP DFlipFlop
FL C:/Users/hcal/Documents/TDC_Firmw_rev2/drs4eb/firmware/3s400/design_1_DFlipFlop_15_0.vhd 2022/08/16.03:14:54 P.20131013
EN work/design_1_DFlipFlop_15_0 1672302624 \
      FL C:/Users/hcal/Documents/TDC_Firmw_rev2/drs4eb/firmware/3s400/design_1_DFlipFlop_15_0.vhd \
      PB ieee/std_logic_1164 1381692176 PB ieee/NUMERIC_STD 1381692181
AR work/design_1_DFlipFlop_15_0/design_1_DFlipFlop_15_0_arch 1672302625 \
      FL C:/Users/hcal/Documents/TDC_Firmw_rev2/drs4eb/firmware/3s400/design_1_DFlipFlop_15_0.vhd \
      EN work/design_1_DFlipFlop_15_0 1672302624 CP DFlipFlop
FL C:/Users/hcal/Documents/TDC_Firmw_rev2/drs4eb/firmware/3s400/design_1_DFlipFlop_1_0.vhd 2021/09/18.00:52:44 P.20131013
EN work/design_1_DFlipFlop_1_0 1672302612 \
      FL C:/Users/hcal/Documents/TDC_Firmw_rev2/drs4eb/firmware/3s400/design_1_DFlipFlop_1_0.vhd \
      PB ieee/std_logic_1164 1381692176 PB ieee/NUMERIC_STD 1381692181
AR work/design_1_DFlipFlop_1_0/design_1_DFlipFlop_1_0_arch 1672302613 \
      FL C:/Users/hcal/Documents/TDC_Firmw_rev2/drs4eb/firmware/3s400/design_1_DFlipFlop_1_0.vhd \
      EN work/design_1_DFlipFlop_1_0 1672302612 CP DFlipFlop
FL C:/Users/hcal/Documents/TDC_Firmw_rev2/drs4eb/firmware/3s400/design_1_DFlipFlop_2_0.vhd 2021/09/18.00:52:44 P.20131013
EN work/design_1_DFlipFlop_2_0 1672302626 \
      FL C:/Users/hcal/Documents/TDC_Firmw_rev2/drs4eb/firmware/3s400/design_1_DFlipFlop_2_0.vhd \
      PB ieee/std_logic_1164 1381692176 PB ieee/NUMERIC_STD 1381692181
AR work/design_1_DFlipFlop_2_0/design_1_DFlipFlop_2_0_arch 1672302627 \
      FL C:/Users/hcal/Documents/TDC_Firmw_rev2/drs4eb/firmware/3s400/design_1_DFlipFlop_2_0.vhd \
      EN work/design_1_DFlipFlop_2_0 1672302626 CP DFlipFlop
FL C:/Users/hcal/Documents/TDC_Firmw_rev2/drs4eb/firmware/3s400/design_1_DFlipFlop_3_0.vhd 2021/09/18.00:52:44 P.20131013
EN work/design_1_DFlipFlop_3_0 1672302628 \
      FL C:/Users/hcal/Documents/TDC_Firmw_rev2/drs4eb/firmware/3s400/design_1_DFlipFlop_3_0.vhd \
      PB ieee/std_logic_1164 1381692176 PB ieee/NUMERIC_STD 1381692181
AR work/design_1_DFlipFlop_3_0/design_1_DFlipFlop_3_0_arch 1672302629 \
      FL C:/Users/hcal/Documents/TDC_Firmw_rev2/drs4eb/firmware/3s400/design_1_DFlipFlop_3_0.vhd \
      EN work/design_1_DFlipFlop_3_0 1672302628 CP DFlipFlop
FL C:/Users/hcal/Documents/TDC_Firmw_rev2/drs4eb/firmware/3s400/design_1_DFlipFlop_4_0.vhd 2021/09/18.00:52:44 P.20131013
EN work/design_1_DFlipFlop_4_0 1672302630 \
      FL C:/Users/hcal/Documents/TDC_Firmw_rev2/drs4eb/firmware/3s400/design_1_DFlipFlop_4_0.vhd \
      PB ieee/std_logic_1164 1381692176 PB ieee/NUMERIC_STD 1381692181
AR work/design_1_DFlipFlop_4_0/design_1_DFlipFlop_4_0_arch 1672302631 \
      FL C:/Users/hcal/Documents/TDC_Firmw_rev2/drs4eb/firmware/3s400/design_1_DFlipFlop_4_0.vhd \
      EN work/design_1_DFlipFlop_4_0 1672302630 CP DFlipFlop
FL C:/Users/hcal/Documents/TDC_Firmw_rev2/drs4eb/firmware/3s400/design_1_DFlipFlop_5_0.vhd 2021/09/18.00:52:44 P.20131013
EN work/design_1_DFlipFlop_5_0 1672302632 \
      FL C:/Users/hcal/Documents/TDC_Firmw_rev2/drs4eb/firmware/3s400/design_1_DFlipFlop_5_0.vhd \
      PB ieee/std_logic_1164 1381692176 PB ieee/NUMERIC_STD 1381692181
AR work/design_1_DFlipFlop_5_0/design_1_DFlipFlop_5_0_arch 1672302633 \
      FL C:/Users/hcal/Documents/TDC_Firmw_rev2/drs4eb/firmware/3s400/design_1_DFlipFlop_5_0.vhd \
      EN work/design_1_DFlipFlop_5_0 1672302632 CP DFlipFlop
FL C:/Users/hcal/Documents/TDC_Firmw_rev2/drs4eb/firmware/3s400/design_1_DFlipFlop_6_0.vhd 2021/09/18.00:52:44 P.20131013
EN work/design_1_DFlipFlop_6_0 1672302634 \
      FL C:/Users/hcal/Documents/TDC_Firmw_rev2/drs4eb/firmware/3s400/design_1_DFlipFlop_6_0.vhd \
      PB ieee/std_logic_1164 1381692176 PB ieee/NUMERIC_STD 1381692181
AR work/design_1_DFlipFlop_6_0/design_1_DFlipFlop_6_0_arch 1672302635 \
      FL C:/Users/hcal/Documents/TDC_Firmw_rev2/drs4eb/firmware/3s400/design_1_DFlipFlop_6_0.vhd \
      EN work/design_1_DFlipFlop_6_0 1672302634 CP DFlipFlop
FL C:/Users/hcal/Documents/TDC_Firmw_rev2/drs4eb/firmware/3s400/design_1_DFlipFlop_7_0.vhd 2021/09/18.00:52:44 P.20131013
EN work/design_1_DFlipFlop_7_0 1672302636 \
      FL C:/Users/hcal/Documents/TDC_Firmw_rev2/drs4eb/firmware/3s400/design_1_DFlipFlop_7_0.vhd \
      PB ieee/std_logic_1164 1381692176 PB ieee/NUMERIC_STD 1381692181
AR work/design_1_DFlipFlop_7_0/design_1_DFlipFlop_7_0_arch 1672302637 \
      FL C:/Users/hcal/Documents/TDC_Firmw_rev2/drs4eb/firmware/3s400/design_1_DFlipFlop_7_0.vhd \
      EN work/design_1_DFlipFlop_7_0 1672302636 CP DFlipFlop
FL C:/Users/hcal/Documents/TDC_Firmw_rev2/drs4eb/firmware/3s400/design_1_DFlipFlop_8_0.vhd 2022/04/04.12:39:50 P.20131013
EN work/design_1_DFlipFlop_8_0 1672302638 \
      FL C:/Users/hcal/Documents/TDC_Firmw_rev2/drs4eb/firmware/3s400/design_1_DFlipFlop_8_0.vhd \
      PB ieee/std_logic_1164 1381692176 PB ieee/NUMERIC_STD 1381692181
AR work/design_1_DFlipFlop_8_0/design_1_DFlipFlop_8_0_arch 1672302639 \
      FL C:/Users/hcal/Documents/TDC_Firmw_rev2/drs4eb/firmware/3s400/design_1_DFlipFlop_8_0.vhd \
      EN work/design_1_DFlipFlop_8_0 1672302638 CP DFlipFlop
FL C:/Users/hcal/Documents/TDC_Firmw_rev2/drs4eb/firmware/3s400/design_1_DFlipFlop_9_0.vhd 2021/09/18.00:52:44 P.20131013
EN work/design_1_DFlipFlop_9_0 1672302640 \
      FL C:/Users/hcal/Documents/TDC_Firmw_rev2/drs4eb/firmware/3s400/design_1_DFlipFlop_9_0.vhd \
      PB ieee/std_logic_1164 1381692176 PB ieee/NUMERIC_STD 1381692181
AR work/design_1_DFlipFlop_9_0/design_1_DFlipFlop_9_0_arch 1672302641 \
      FL C:/Users/hcal/Documents/TDC_Firmw_rev2/drs4eb/firmware/3s400/design_1_DFlipFlop_9_0.vhd \
      EN work/design_1_DFlipFlop_9_0 1672302640 CP DFlipFlop
FL C:/Users/hcal/Documents/TDC_Firmw_rev2/drs4eb/firmware/3s400/DFlipFlop.vhd 2022/04/04.22:56:10 P.20131013
EN work/DFlipFlop 1672302608 \
      FL C:/Users/hcal/Documents/TDC_Firmw_rev2/drs4eb/firmware/3s400/DFlipFlop.vhd \
      PB ieee/std_logic_1164 1381692176
AR work/DFlipFlop/Behavioral 1672302609 \
      FL C:/Users/hcal/Documents/TDC_Firmw_rev2/drs4eb/firmware/3s400/DFlipFlop.vhd \
      EN work/DFlipFlop 1672302608
FL C:/Users/hcal/Documents/TDC_Firmw_rev2/drs4eb/firmware/3s400/FourXOversampler.vhd 2022/11/16.09:44:11 P.20131013
EN work/FourXOversampler 1672302648 \
      FL C:/Users/hcal/Documents/TDC_Firmw_rev2/drs4eb/firmware/3s400/FourXOversampler.vhd \
      PB ieee/std_logic_1164 1381692176 PB ieee/NUMERIC_STD 1381692181 \
      PB ieee/STD_LOGIC_UNSIGNED 1381692179
AR work/FourXOversampler/Behavioral 1672302649 \
      FL C:/Users/hcal/Documents/TDC_Firmw_rev2/drs4eb/firmware/3s400/FourXOversampler.vhd \
      EN work/FourXOversampler 1672302648 CP design_1
FL C:/Users/hcal/Documents/TDC_Firmw_rev2/drs4eb/firmware/3s400/oversamplerTDC.vhd 2022/12/29.14:24:49 P.20131013
EN work/oversamplerTDC 1672323178 \
      FL C:/Users/hcal/Documents/TDC_Firmw_rev2/drs4eb/firmware/3s400/oversamplerTDC.vhd \
      PB ieee/std_logic_1164 1381692176
AR work/oversamplerTDC/Behavioral 1672323179 \
      FL C:/Users/hcal/Documents/TDC_Firmw_rev2/drs4eb/firmware/3s400/oversamplerTDC.vhd \
      EN work/oversamplerTDC 1672323178 CP CoarseCounter
FL C:/Users/hcal/Documents/TDC_Firmw_rev2/drs4eb/firmware/src/drs4_eval5.vhd 2022/12/29.18:12:05 P.20131013
EN work/drs4_eval5 1672323188 \
      FL C:/Users/hcal/Documents/TDC_Firmw_rev2/drs4eb/firmware/src/drs4_eval5.vhd \
      PB ieee/std_logic_1164 1381692176 PB ieee/std_logic_arith 1381692177 \
      PB ieee/STD_LOGIC_UNSIGNED 1381692179 PH work/drs4_pack 1672323173
AR work/drs4_eval5/arch 1672323189 \
      FL C:/Users/hcal/Documents/TDC_Firmw_rev2/drs4eb/firmware/src/drs4_eval5.vhd \
      EN work/drs4_eval5 1672323188 CP usr_clocks CP usb2_racc CP usb_dpram \
      CP drs4_eval5_app
FL C:/Users/hcal/Documents/TDC_Firmw_rev2/drs4eb/firmware/src/drs4_eval5_app.vhd 2022/12/29.18:05:26 P.20131013
EN work/drs4_eval5_app 1672323186 \
      FL C:/Users/hcal/Documents/TDC_Firmw_rev2/drs4eb/firmware/src/drs4_eval5_app.vhd \
      PB ieee/std_logic_1164 1381692176 PB ieee/STD_LOGIC_UNSIGNED 1381692179 \
      PB ieee/NUMERIC_STD 1381692181 PH work/drs4_pack 1672323173
AR work/drs4_eval5_app/arch 1672323187 \
      FL C:/Users/hcal/Documents/TDC_Firmw_rev2/drs4eb/firmware/src/drs4_eval5_app.vhd \
      EN work/drs4_eval5_app 1672323186 CP USR_LIB_VEC_IOFD_CPE_NALL CP IOBUFDS \
      CP LUT1
FL C:/Users/hcal/Documents/TDC_Firmw_rev2/drs4eb/firmware/src/drs4_pack.vhd 2022/08/22.15:59:00 P.20131013
PH work/drs4_pack 1672323173 \
      FL C:/Users/hcal/Documents/TDC_Firmw_rev2/drs4eb/firmware/src/drs4_pack.vhd \
      PB ieee/std_logic_1164 1381692176
FL C:/Users/hcal/Documents/TDC_Firmw_rev2/drs4eb/firmware/src/usb2_racc.vhd 2022/12/29.19:42:14 P.20131013
EN work/usb2_racc 1672323182 \
      FL C:/Users/hcal/Documents/TDC_Firmw_rev2/drs4eb/firmware/src/usb2_racc.vhd \
      PB ieee/std_logic_1164 1381692176 PB ieee/std_logic_arith 1381692177 \
      PB ieee/STD_LOGIC_UNSIGNED 1381692179 PH work/drs4_pack 1672323173
AR work/usb2_racc/arch 1672323183 \
      FL C:/Users/hcal/Documents/TDC_Firmw_rev2/drs4eb/firmware/src/usb2_racc.vhd \
      EN work/usb2_racc 1672323182 CP oversamplerTDC CP USR_LIB_VEC_IOFD_CPE_NALL
FL C:/Users/hcal/Documents/TDC_Firmw_rev2/drs4eb/firmware/src/usb_dpram.vhd 2022/04/25.15:18:24 P.20131013
EN work/usb_dpram 1672323184 \
      FL C:/Users/hcal/Documents/TDC_Firmw_rev2/drs4eb/firmware/src/usb_dpram.vhd \
      PB ieee/std_logic_1164 1381692176 PB ieee/STD_LOGIC_UNSIGNED 1381692179 \
      PB ieee/NUMERIC_STD 1381692181 PH work/drs4_pack 1672323173
AR work/usb_dpram/arch 1672323185 \
      FL C:/Users/hcal/Documents/TDC_Firmw_rev2/drs4eb/firmware/src/usb_dpram.vhd \
      EN work/usb_dpram 1672323184 CP RAMB16_S36_S36
FL C:/Users/hcal/Documents/TDC_Firmw_rev2/drs4eb/firmware/src/usr_clocks.vhd 2022/08/22.15:59:00 P.20131013
EN work/usr_clocks 1672323180 \
      FL C:/Users/hcal/Documents/TDC_Firmw_rev2/drs4eb/firmware/src/usr_clocks.vhd \
      PB ieee/std_logic_1164 1381692176 PB ieee/std_logic_arith 1381692177 \
      PB ieee/STD_LOGIC_UNSIGNED 1381692179 PB ieee/NUMERIC_STD 1381692181
AR work/usr_clocks/arch 1672323181 \
      FL C:/Users/hcal/Documents/TDC_Firmw_rev2/drs4eb/firmware/src/usr_clocks.vhd \
      EN work/usr_clocks 1672323180 CP BUFG CP DCM
FL C:/Users/hcal/Documents/TDC_Firmw_rev2/drs4eb/firmware/src/usr_lib.vhd 2022/08/22.15:59:00 P.20131013
EN work/USR_LIB_VEC_IOFD_CPE_NALL 1672323174 \
      FL C:/Users/hcal/Documents/TDC_Firmw_rev2/drs4eb/firmware/src/usr_lib.vhd \
      PB ieee/std_logic_1164 1381692176 PB ieee/STD_LOGIC_UNSIGNED 1381692179 \
      PB ieee/NUMERIC_STD 1381692181
AR work/USR_LIB_VEC_IOFD_CPE_NALL/arch 1672323175 \
      FL C:/Users/hcal/Documents/TDC_Firmw_rev2/drs4eb/firmware/src/usr_lib.vhd \
      EN work/USR_LIB_VEC_IOFD_CPE_NALL 1672323174 CP label CP IOBUF CP FDCPE
EN work/USR_LIB_VEC_FDC 1672323176 \
      FL C:/Users/hcal/Documents/TDC_Firmw_rev2/drs4eb/firmware/src/usr_lib.vhd \
      PB ieee/std_logic_1164 1381692176 PB ieee/STD_LOGIC_UNSIGNED 1381692179 \
      PB ieee/NUMERIC_STD 1381692181
AR work/USR_LIB_VEC_FDC/arch 1672323177 \
      FL C:/Users/hcal/Documents/TDC_Firmw_rev2/drs4eb/firmware/src/usr_lib.vhd \
      EN work/USR_LIB_VEC_FDC 1672323176 CP label CP FDC
